#! /usr/local/iverilog/bin/vvp
:ivl_version "11.0 (devel)" "(s20150603-642-g3bdb50da)";
:ivl_delay_selection "TYPICAL";
:vpi_time_precision - 12;
:vpi_module "system";
:vpi_module "vhdl_sys";
:vpi_module "vhdl_textio";
:vpi_module "v2005_math";
:vpi_module "va_math";
S_0000000001006e10 .scope module, "teset" "teset" 2 3;
 .timescale -12 -12;
v0000000001006fa0_0 .var "a", 3 0;
    .scope S_0000000001006e10;
T_0 ;
    %pushi/vec4 1, 0, 4;
    %store/vec4 v0000000001006fa0_0, 0, 4;
    %vpi_call 2 9 "$display", "%b", v0000000001006fa0_0 {0 0 0};
    %end;
    .thread T_0;
    .scope S_0000000001006e10;
T_1 ;
    %delay 10, 0;
    %vpi_call 2 14 "$finish" {0 0 0};
    %end;
    .thread T_1;
# The file index is used to find the file name in the following table.
:file_names 3;
    "N/A";
    "<interactive>";
    "test.sv";
